<?xml version="1.0" encoding="ISO-8859-1" ?>
<link_info>
   <banner>TI ARM Linker Unix v20.2.5.LTS</banner>
   <copyright>Copyright (c) 1996-2018 Texas Instruments Incorporated</copyright>
   <link_time>0x6197d7a8</link_time>
   <link_errors>0x0</link_errors>
   <output_file>RM46L852.out</output_file>
   <entry_point>
      <name>_c_int00</name>
      <address>0x7080</address>
   </entry_point>
   <input_file_list>
      <input_file id="fl-2">
         <path>./Third_party/FreeRTOS/source/</path>
         <kind>object</kind>
         <file>hooks.obj</file>
         <name>hooks.obj</name>
      </input_file>
      <input_file id="fl-3">
         <path>./Third_party/FreeRTOS/source/</path>
         <kind>object</kind>
         <file>os_croutine.obj</file>
         <name>os_croutine.obj</name>
      </input_file>
      <input_file id="fl-4">
         <path>./Third_party/FreeRTOS/source/</path>
         <kind>object</kind>
         <file>os_event_groups.obj</file>
         <name>os_event_groups.obj</name>
      </input_file>
      <input_file id="fl-5">
         <path>./Third_party/FreeRTOS/source/</path>
         <kind>object</kind>
         <file>os_heap.obj</file>
         <name>os_heap.obj</name>
      </input_file>
      <input_file id="fl-6">
         <path>./Third_party/FreeRTOS/source/</path>
         <kind>object</kind>
         <file>os_list.obj</file>
         <name>os_list.obj</name>
      </input_file>
      <input_file id="fl-7">
         <path>./Third_party/FreeRTOS/source/</path>
         <kind>object</kind>
         <file>os_mpu_wrappers.obj</file>
         <name>os_mpu_wrappers.obj</name>
      </input_file>
      <input_file id="fl-8">
         <path>./Third_party/FreeRTOS/source/</path>
         <kind>object</kind>
         <file>os_port.obj</file>
         <name>os_port.obj</name>
      </input_file>
      <input_file id="fl-9">
         <path>./Third_party/FreeRTOS/source/</path>
         <kind>object</kind>
         <file>os_portasm.obj</file>
         <name>os_portasm.obj</name>
      </input_file>
      <input_file id="fl-a">
         <path>./Third_party/FreeRTOS/source/</path>
         <kind>object</kind>
         <file>os_queue.obj</file>
         <name>os_queue.obj</name>
      </input_file>
      <input_file id="fl-b">
         <path>./Third_party/FreeRTOS/source/</path>
         <kind>object</kind>
         <file>os_tasks.obj</file>
         <name>os_tasks.obj</name>
      </input_file>
      <input_file id="fl-c">
         <path>./Third_party/FreeRTOS/source/</path>
         <kind>object</kind>
         <file>os_timer.obj</file>
         <name>os_timer.obj</name>
      </input_file>
      <input_file id="fl-d">
         <path>./Third_party/HAL/source/</path>
         <kind>object</kind>
         <file>Device_RM46.obj</file>
         <name>Device_RM46.obj</name>
      </input_file>
      <input_file id="fl-e">
         <path>./Third_party/HAL/source/</path>
         <kind>object</kind>
         <file>Fapi_UserDefinedFunctions.obj</file>
         <name>Fapi_UserDefinedFunctions.obj</name>
      </input_file>
      <input_file id="fl-f">
         <path>./Third_party/HAL/source/</path>
         <kind>object</kind>
         <file>adc.obj</file>
         <name>adc.obj</name>
      </input_file>
      <input_file id="fl-10">
         <path>./Third_party/HAL/source/</path>
         <kind>object</kind>
         <file>can.obj</file>
         <name>can.obj</name>
      </input_file>
      <input_file id="fl-11">
         <path>./Third_party/HAL/source/</path>
         <kind>object</kind>
         <file>crc.obj</file>
         <name>crc.obj</name>
      </input_file>
      <input_file id="fl-12">
         <path>./Third_party/HAL/source/</path>
         <kind>object</kind>
         <file>dabort.obj</file>
         <name>dabort.obj</name>
      </input_file>
      <input_file id="fl-13">
         <path>./Third_party/HAL/source/</path>
         <kind>object</kind>
         <file>dcc.obj</file>
         <name>dcc.obj</name>
      </input_file>
      <input_file id="fl-14">
         <path>./Third_party/HAL/source/</path>
         <kind>object</kind>
         <file>ecap.obj</file>
         <name>ecap.obj</name>
      </input_file>
      <input_file id="fl-15">
         <path>./Third_party/HAL/source/</path>
         <kind>object</kind>
         <file>emac.obj</file>
         <name>emac.obj</name>
      </input_file>
      <input_file id="fl-16">
         <path>./Third_party/HAL/source/</path>
         <kind>object</kind>
         <file>eqep.obj</file>
         <name>eqep.obj</name>
      </input_file>
      <input_file id="fl-17">
         <path>./Third_party/HAL/source/</path>
         <kind>object</kind>
         <file>errata_SSWF021_45.obj</file>
         <name>errata_SSWF021_45.obj</name>
      </input_file>
      <input_file id="fl-18">
         <path>./Third_party/HAL/source/</path>
         <kind>object</kind>
         <file>esm.obj</file>
         <name>esm.obj</name>
      </input_file>
      <input_file id="fl-19">
         <path>./Third_party/HAL/source/</path>
         <kind>object</kind>
         <file>etpwm.obj</file>
         <name>etpwm.obj</name>
      </input_file>
      <input_file id="fl-1a">
         <path>./Third_party/HAL/source/</path>
         <kind>object</kind>
         <file>gio.obj</file>
         <name>gio.obj</name>
      </input_file>
      <input_file id="fl-1b">
         <path>./Third_party/HAL/source/</path>
         <kind>object</kind>
         <file>het.obj</file>
         <name>het.obj</name>
      </input_file>
      <input_file id="fl-1c">
         <path>./Third_party/HAL/source/</path>
         <kind>object</kind>
         <file>i2c.obj</file>
         <name>i2c.obj</name>
      </input_file>
      <input_file id="fl-1d">
         <path>./Third_party/HAL/source/</path>
         <kind>object</kind>
         <file>lin.obj</file>
         <name>lin.obj</name>
      </input_file>
      <input_file id="fl-1e">
         <path>./Third_party/HAL/source/</path>
         <kind>object</kind>
         <file>mdio.obj</file>
         <name>mdio.obj</name>
      </input_file>
      <input_file id="fl-1f">
         <path>./Third_party/HAL/source/</path>
         <kind>object</kind>
         <file>mibspi.obj</file>
         <name>mibspi.obj</name>
      </input_file>
      <input_file id="fl-20">
         <path>./Third_party/HAL/source/</path>
         <kind>object</kind>
         <file>notification.obj</file>
         <name>notification.obj</name>
      </input_file>
      <input_file id="fl-21">
         <path>./Third_party/HAL/source/</path>
         <kind>object</kind>
         <file>phy_dp83640.obj</file>
         <name>phy_dp83640.obj</name>
      </input_file>
      <input_file id="fl-22">
         <path>./Third_party/HAL/source/</path>
         <kind>object</kind>
         <file>pinmux.obj</file>
         <name>pinmux.obj</name>
      </input_file>
      <input_file id="fl-23">
         <path>./Third_party/HAL/source/</path>
         <kind>object</kind>
         <file>pom.obj</file>
         <name>pom.obj</name>
      </input_file>
      <input_file id="fl-24">
         <path>./Third_party/HAL/source/</path>
         <kind>object</kind>
         <file>rti.obj</file>
         <name>rti.obj</name>
      </input_file>
      <input_file id="fl-25">
         <path>./Third_party/HAL/source/</path>
         <kind>object</kind>
         <file>sci.obj</file>
         <name>sci.obj</name>
      </input_file>
      <input_file id="fl-26">
         <path>./Third_party/HAL/source/</path>
         <kind>object</kind>
         <file>spi.obj</file>
         <name>spi.obj</name>
      </input_file>
      <input_file id="fl-27">
         <path>./Third_party/HAL/source/</path>
         <kind>object</kind>
         <file>sys_core.obj</file>
         <name>sys_core.obj</name>
      </input_file>
      <input_file id="fl-28">
         <path>./Third_party/HAL/source/</path>
         <kind>object</kind>
         <file>sys_dma.obj</file>
         <name>sys_dma.obj</name>
      </input_file>
      <input_file id="fl-29">
         <path>./Third_party/HAL/source/</path>
         <kind>object</kind>
         <file>sys_intvecs.obj</file>
         <name>sys_intvecs.obj</name>
      </input_file>
      <input_file id="fl-2a">
         <path>./Third_party/HAL/source/</path>
         <kind>object</kind>
         <file>sys_mpu.obj</file>
         <name>sys_mpu.obj</name>
      </input_file>
      <input_file id="fl-2b">
         <path>./Third_party/HAL/source/</path>
         <kind>object</kind>
         <file>sys_pcr.obj</file>
         <name>sys_pcr.obj</name>
      </input_file>
      <input_file id="fl-2c">
         <path>./Third_party/HAL/source/</path>
         <kind>object</kind>
         <file>sys_phantom.obj</file>
         <name>sys_phantom.obj</name>
      </input_file>
      <input_file id="fl-2d">
         <path>./Third_party/HAL/source/</path>
         <kind>object</kind>
         <file>sys_pmm.obj</file>
         <name>sys_pmm.obj</name>
      </input_file>
      <input_file id="fl-2e">
         <path>./Third_party/HAL/source/</path>
         <kind>object</kind>
         <file>sys_pmu.obj</file>
         <name>sys_pmu.obj</name>
      </input_file>
      <input_file id="fl-2f">
         <path>./Third_party/HAL/source/</path>
         <kind>object</kind>
         <file>sys_selftest.obj</file>
         <name>sys_selftest.obj</name>
      </input_file>
      <input_file id="fl-30">
         <path>./Third_party/HAL/source/</path>
         <kind>object</kind>
         <file>sys_startup.obj</file>
         <name>sys_startup.obj</name>
      </input_file>
      <input_file id="fl-31">
         <path>./Third_party/HAL/source/</path>
         <kind>object</kind>
         <file>sys_vim.obj</file>
         <name>sys_vim.obj</name>
      </input_file>
      <input_file id="fl-32">
         <path>./Third_party/HAL/source/</path>
         <kind>object</kind>
         <file>system.obj</file>
         <name>system.obj</name>
      </input_file>
      <input_file id="fl-33">
         <path>./Third_party/HAL/source/</path>
         <kind>object</kind>
         <file>ti_fee_Info.obj</file>
         <name>ti_fee_Info.obj</name>
      </input_file>
      <input_file id="fl-34">
         <path>./Third_party/HAL/source/</path>
         <kind>object</kind>
         <file>ti_fee_cancel.obj</file>
         <name>ti_fee_cancel.obj</name>
      </input_file>
      <input_file id="fl-35">
         <path>./Third_party/HAL/source/</path>
         <kind>object</kind>
         <file>ti_fee_cfg.obj</file>
         <name>ti_fee_cfg.obj</name>
      </input_file>
      <input_file id="fl-36">
         <path>./Third_party/HAL/source/</path>
         <kind>object</kind>
         <file>ti_fee_eraseimmediateblock.obj</file>
         <name>ti_fee_eraseimmediateblock.obj</name>
      </input_file>
      <input_file id="fl-37">
         <path>./Third_party/HAL/source/</path>
         <kind>object</kind>
         <file>ti_fee_format.obj</file>
         <name>ti_fee_format.obj</name>
      </input_file>
      <input_file id="fl-38">
         <path>./Third_party/HAL/source/</path>
         <kind>object</kind>
         <file>ti_fee_ini.obj</file>
         <name>ti_fee_ini.obj</name>
      </input_file>
      <input_file id="fl-39">
         <path>./Third_party/HAL/source/</path>
         <kind>object</kind>
         <file>ti_fee_invalidateblock.obj</file>
         <name>ti_fee_invalidateblock.obj</name>
      </input_file>
      <input_file id="fl-3a">
         <path>./Third_party/HAL/source/</path>
         <kind>object</kind>
         <file>ti_fee_main.obj</file>
         <name>ti_fee_main.obj</name>
      </input_file>
      <input_file id="fl-3b">
         <path>./Third_party/HAL/source/</path>
         <kind>object</kind>
         <file>ti_fee_read.obj</file>
         <name>ti_fee_read.obj</name>
      </input_file>
      <input_file id="fl-3c">
         <path>./Third_party/HAL/source/</path>
         <kind>object</kind>
         <file>ti_fee_readSync.obj</file>
         <name>ti_fee_readSync.obj</name>
      </input_file>
      <input_file id="fl-3d">
         <path>./Third_party/HAL/source/</path>
         <kind>object</kind>
         <file>ti_fee_shutdown.obj</file>
         <name>ti_fee_shutdown.obj</name>
      </input_file>
      <input_file id="fl-3e">
         <path>./Third_party/HAL/source/</path>
         <kind>object</kind>
         <file>ti_fee_util.obj</file>
         <name>ti_fee_util.obj</name>
      </input_file>
      <input_file id="fl-3f">
         <path>./Third_party/HAL/source/</path>
         <kind>object</kind>
         <file>ti_fee_writeAsync.obj</file>
         <name>ti_fee_writeAsync.obj</name>
      </input_file>
      <input_file id="fl-40">
         <path>./Third_party/HAL/source/</path>
         <kind>object</kind>
         <file>ti_fee_writeSync.obj</file>
         <name>ti_fee_writeSync.obj</name>
      </input_file>
      <input_file id="fl-41">
         <path>./application/source/</path>
         <kind>object</kind>
         <file>app_led_task.obj</file>
         <name>app_led_task.obj</name>
      </input_file>
      <input_file id="fl-42">
         <path>./application/source/</path>
         <kind>object</kind>
         <file>app_main.obj</file>
         <name>app_main.obj</name>
      </input_file>
      <input_file id="fl-47">
         <kind>object</kind>
         <file>&lt;internal&gt;</file>
         <name>&lt;internal&gt;</name>
      </input_file>
      <input_file id="fl-48">
         <path>../Third_party/HAL/include/</path>
         <kind>archive</kind>
         <file>F021_API_CortexR4_LE.lib</file>
         <name>Async.obj</name>
      </input_file>
      <input_file id="fl-49">
         <path>../Third_party/HAL/include/</path>
         <kind>archive</kind>
         <file>F021_API_CortexR4_LE.lib</file>
         <name>Async.WithAddress.obj</name>
      </input_file>
      <input_file id="fl-4a">
         <path>../Third_party/HAL/include/</path>
         <kind>archive</kind>
         <file>F021_API_CortexR4_LE.lib</file>
         <name>BlankCheck.obj</name>
      </input_file>
      <input_file id="fl-4b">
         <path>../Third_party/HAL/include/</path>
         <kind>archive</kind>
         <file>F021_API_CortexR4_LE.lib</file>
         <name>FlashStateMachine.EnableEepromSectors.obj</name>
      </input_file>
      <input_file id="fl-4c">
         <path>../Third_party/HAL/include/</path>
         <kind>archive</kind>
         <file>F021_API_CortexR4_LE.lib</file>
         <name>FlashStateMachine.InitializeFlashBanks.obj</name>
      </input_file>
      <input_file id="fl-4d">
         <path>../Third_party/HAL/include/</path>
         <kind>archive</kind>
         <file>F021_API_CortexR4_LE.lib</file>
         <name>FlashStateMachine.IssueFsmCommand.obj</name>
      </input_file>
      <input_file id="fl-4e">
         <path>../Third_party/HAL/include/</path>
         <kind>archive</kind>
         <file>F021_API_CortexR4_LE.lib</file>
         <name>FlashStateMachine.ScaleFclk.obj</name>
      </input_file>
      <input_file id="fl-4f">
         <path>../Third_party/HAL/include/</path>
         <kind>archive</kind>
         <file>F021_API_CortexR4_LE.lib</file>
         <name>FlashStateMachine.SetActiveBank.obj</name>
      </input_file>
      <input_file id="fl-50">
         <path>../Third_party/HAL/include/</path>
         <kind>archive</kind>
         <file>F021_API_CortexR4_LE.lib</file>
         <name>Read.FlushPipeline.obj</name>
      </input_file>
      <input_file id="fl-51">
         <path>../Third_party/HAL/include/</path>
         <kind>archive</kind>
         <file>F021_API_CortexR4_LE.lib</file>
         <name>Read.LoopDword.obj</name>
      </input_file>
      <input_file id="fl-52">
         <path>../Third_party/HAL/include/</path>
         <kind>archive</kind>
         <file>F021_API_CortexR4_LE.lib</file>
         <name>Read.WdService.obj</name>
      </input_file>
      <input_file id="fl-53">
         <path>../Third_party/HAL/include/</path>
         <kind>archive</kind>
         <file>F021_API_CortexR4_LE.lib</file>
         <name>Utilities.CalculateFletcher.obj</name>
      </input_file>
      <input_file id="fl-54">
         <path>../Third_party/HAL/include/</path>
         <kind>archive</kind>
         <file>F021_API_CortexR4_LE.lib</file>
         <name>Utilities.WaitDelay.obj</name>
      </input_file>
      <input_file id="fl-55">
         <path>../Third_party/HAL/include/</path>
         <kind>archive</kind>
         <file>F021_API_CortexR4_LE.lib</file>
         <name>Utilities.GetNumberOfSectors.obj</name>
      </input_file>
      <input_file id="fl-56">
         <path>../Third_party/HAL/include/</path>
         <kind>archive</kind>
         <file>F021_API_CortexR4_LE.lib</file>
         <name>Read.Common.obj</name>
      </input_file>
      <input_file id="fl-57">
         <path>../Third_party/HAL/include/</path>
         <kind>archive</kind>
         <file>F021_API_CortexR4_LE.lib</file>
         <name>FlashStateMachine.Hercules.IsEccAddress.obj</name>
      </input_file>
      <input_file id="fl-58">
         <path>/home/fabian/ti/ccs/ccs/tools/compiler/ti-cgt-arm_20.2.5.LTS/lib/</path>
         <kind>archive</kind>
         <file>rtsv7R4_T_le_v3D16_eabi.lib</file>
         <name>s_floor.c.obj</name>
      </input_file>
      <input_file id="fl-59">
         <path>/home/fabian/ti/ccs/ccs/tools/compiler/ti-cgt-arm_20.2.5.LTS/lib/</path>
         <kind>archive</kind>
         <file>rtsv7R4_T_le_v3D16_eabi.lib</file>
         <name>memcpy_t2.asm.obj</name>
      </input_file>
      <input_file id="fl-5a">
         <path>/home/fabian/ti/ccs/ccs/tools/compiler/ti-cgt-arm_20.2.5.LTS/lib/</path>
         <kind>archive</kind>
         <file>rtsv7R4_T_le_v3D16_eabi.lib</file>
         <name>u_div32.asm.obj</name>
      </input_file>
      <input_file id="fl-5b">
         <path>/home/fabian/ti/ccs/ccs/tools/compiler/ti-cgt-arm_20.2.5.LTS/lib/</path>
         <kind>archive</kind>
         <file>rtsv7R4_T_le_v3D16_eabi.lib</file>
         <name>memset_t2.asm.obj</name>
      </input_file>
      <input_file id="fl-5c">
         <path>/home/fabian/ti/ccs/ccs/tools/compiler/ti-cgt-arm_20.2.5.LTS/lib/</path>
         <kind>archive</kind>
         <file>rtsv7R4_T_le_v3D16_eabi.lib</file>
         <name>autoinit.c.obj</name>
      </input_file>
      <input_file id="fl-5d">
         <path>/home/fabian/ti/ccs/ccs/tools/compiler/ti-cgt-arm_20.2.5.LTS/lib/</path>
         <kind>archive</kind>
         <file>rtsv7R4_T_le_v3D16_eabi.lib</file>
         <name>cpy_tbl.c.obj</name>
      </input_file>
      <input_file id="fl-5e">
         <path>/home/fabian/ti/ccs/ccs/tools/compiler/ti-cgt-arm_20.2.5.LTS/lib/</path>
         <kind>archive</kind>
         <file>rtsv7R4_T_le_v3D16_eabi.lib</file>
         <name>copy_zero_init.c.obj</name>
      </input_file>
      <input_file id="fl-5f">
         <path>/home/fabian/ti/ccs/ccs/tools/compiler/ti-cgt-arm_20.2.5.LTS/lib/</path>
         <kind>archive</kind>
         <file>rtsv7R4_T_le_v3D16_eabi.lib</file>
         <name>copy_decompress_none.c.obj</name>
      </input_file>
      <input_file id="fl-60">
         <path>/home/fabian/ti/ccs/ccs/tools/compiler/ti-cgt-arm_20.2.5.LTS/lib/</path>
         <kind>archive</kind>
         <file>rtsv7R4_T_le_v3D16_eabi.lib</file>
         <name>copy_decompress_lzss.c.obj</name>
      </input_file>
      <input_file id="fl-61">
         <path>/home/fabian/ti/ccs/ccs/tools/compiler/ti-cgt-arm_20.2.5.LTS/lib/</path>
         <kind>archive</kind>
         <file>rtsv7R4_T_le_v3D16_eabi.lib</file>
         <name>exit.c.obj</name>
      </input_file>
      <input_file id="fl-62">
         <path>/home/fabian/ti/ccs/ccs/tools/compiler/ti-cgt-arm_20.2.5.LTS/lib/</path>
         <kind>archive</kind>
         <file>rtsv7R4_T_le_v3D16_eabi.lib</file>
         <name>_lock.c.obj</name>
      </input_file>
      <input_file id="fl-63">
         <path>/home/fabian/ti/ccs/ccs/tools/compiler/ti-cgt-arm_20.2.5.LTS/lib/</path>
         <kind>archive</kind>
         <file>rtsv7R4_T_le_v3D16_eabi.lib</file>
         <name>strlen.c.obj</name>
      </input_file>
      <input_file id="fl-64">
         <path>/home/fabian/ti/ccs/ccs/tools/compiler/ti-cgt-arm_20.2.5.LTS/lib/</path>
         <kind>archive</kind>
         <file>rtsv7R4_T_le_v3D16_eabi.lib</file>
         <name>div0.asm.obj</name>
      </input_file>
   </input_file_list>
   <object_component_list>
      <object_component id="oc-2e">
         <name>.intvecs</name>
         <load_address>0x0</load_address>
         <run_address>0x0</run_address>
         <size>0x20</size>
         <input_file_ref idref="fl-29"/>
      </object_component>
      <object_component id="oc-7f">
         <name>.text</name>
         <load_address>0x20</load_address>
         <run_address>0x20</run_address>
         <size>0x2cdc</size>
         <input_file_ref idref="fl-2f"/>
      </object_component>
      <object_component id="oc-124">
         <name>.text</name>
         <load_address>0x2cfc</load_address>
         <run_address>0x2cfc</run_address>
         <size>0xe2c</size>
         <input_file_ref idref="fl-7"/>
      </object_component>
      <object_component id="oc-79">
         <name>.text</name>
         <load_address>0x3b28</load_address>
         <run_address>0x3b28</run_address>
         <size>0xb78</size>
         <input_file_ref idref="fl-32"/>
      </object_component>
      <object_component id="oc-3a">
         <name>.text</name>
         <load_address>0x46a0</load_address>
         <run_address>0x46a0</run_address>
         <size>0xa54</size>
         <input_file_ref idref="fl-31"/>
      </object_component>
      <object_component id="oc-de">
         <name>.text</name>
         <load_address>0x50f4</load_address>
         <run_address>0x50f4</run_address>
         <size>0x8d0</size>
         <input_file_ref idref="fl-22"/>
      </object_component>
      <object_component id="oc-6d">
         <name>.text</name>
         <load_address>0x59c4</load_address>
         <run_address>0x59c4</run_address>
         <size>0x664</size>
         <input_file_ref idref="fl-17"/>
      </object_component>
      <object_component id="oc-85">
         <name>.text</name>
         <load_address>0x6028</load_address>
         <run_address>0x6028</run_address>
         <size>0x5bc</size>
         <input_file_ref idref="fl-18"/>
      </object_component>
      <object_component id="oc-266">
         <name>.text</name>
         <load_address>0x65e4</load_address>
         <run_address>0x65e4</run_address>
         <size>0x484</size>
         <input_file_ref idref="fl-1a"/>
      </object_component>
      <object_component id="oc-68">
         <name>.text</name>
         <load_address>0x6a68</load_address>
         <run_address>0x6a68</run_address>
         <size>0x34c</size>
         <input_file_ref idref="fl-27"/>
      </object_component>
      <object_component id="oc-39">
         <name>.text:retain</name>
         <load_address>0x6db4</load_address>
         <run_address>0x6db4</run_address>
         <size>0x2cc</size>
         <input_file_ref idref="fl-31"/>
      </object_component>
      <object_component id="oc-1f">
         <name>.text:retain</name>
         <load_address>0x7080</load_address>
         <run_address>0x7080</run_address>
         <size>0x288</size>
         <input_file_ref idref="fl-30"/>
      </object_component>
      <object_component id="oc-301">
         <name>.text</name>
         <load_address>0x7308</load_address>
         <run_address>0x7308</run_address>
         <size>0x278</size>
         <input_file_ref idref="fl-5"/>
      </object_component>
      <object_component id="oc-94">
         <name>.text</name>
         <load_address>0x7580</load_address>
         <run_address>0x7580</run_address>
         <size>0x23c</size>
         <input_file_ref idref="fl-20"/>
      </object_component>
      <object_component id="oc-22c">
         <name>.text</name>
         <load_address>0x77bc</load_address>
         <run_address>0x77bc</run_address>
         <size>0x238</size>
         <input_file_ref idref="fl-6"/>
      </object_component>
      <object_component id="oc-311">
         <name>.text</name>
         <load_address>0x79f4</load_address>
         <run_address>0x79f4</run_address>
         <size>0x1b0</size>
         <input_file_ref idref="fl-8"/>
      </object_component>
      <object_component id="oc-1ee">
         <name>.text</name>
         <load_address>0x7ba4</load_address>
         <run_address>0x7ba4</run_address>
         <size>0x15c</size>
         <input_file_ref idref="fl-b"/>
      </object_component>
      <object_component id="oc-25">
         <name>.text:retain</name>
         <load_address>0x7d00</load_address>
         <run_address>0x7d00</run_address>
         <size>0x114</size>
         <input_file_ref idref="fl-18"/>
      </object_component>
      <object_component id="oc-a3">
         <name>.text</name>
         <load_address>0x7e14</load_address>
         <run_address>0x7e14</run_address>
         <size>0xe8</size>
         <input_file_ref idref="fl-12"/>
      </object_component>
      <object_component id="oc-e6">
         <name>.text</name>
         <load_address>0x7efc</load_address>
         <run_address>0x7efc</run_address>
         <size>0xe0</size>
         <input_file_ref idref="fl-2e"/>
      </object_component>
      <object_component id="oc-238">
         <name>.text</name>
         <load_address>0x7fdc</load_address>
         <run_address>0x7fdc</run_address>
         <size>0xc0</size>
         <input_file_ref idref="fl-2"/>
      </object_component>
      <object_component id="oc-50">
         <name>.text</name>
         <load_address>0x809c</load_address>
         <run_address>0x809c</run_address>
         <size>0x9c</size>
         <input_file_ref idref="fl-59"/>
      </object_component>
      <object_component id="oc-8c">
         <name>.text</name>
         <load_address>0x8138</load_address>
         <run_address>0x8138</run_address>
         <size>0x98</size>
         <input_file_ref idref="fl-42"/>
      </object_component>
      <object_component id="oc-d0">
         <name>.text</name>
         <load_address>0x81d0</load_address>
         <run_address>0x81d0</run_address>
         <size>0x7a</size>
         <input_file_ref idref="fl-5b"/>
      </object_component>
      <object_component id="oc-12">
         <name>.text:decompress:lzss:__TI_decompress_lzss</name>
         <load_address>0x824a</load_address>
         <run_address>0x824a</run_address>
         <size>0x6c</size>
         <input_file_ref idref="fl-60"/>
      </object_component>
      <object_component id="oc-13a">
         <name>.text</name>
         <load_address>0x82b8</load_address>
         <run_address>0x82b8</run_address>
         <size>0x60</size>
         <input_file_ref idref="fl-41"/>
      </object_component>
      <object_component id="oc-f4">
         <name>.text:__TI_auto_init_nobinit_nopinit:__TI_auto_init_nobinit_nopinit</name>
         <load_address>0x8318</load_address>
         <run_address>0x8318</run_address>
         <size>0x44</size>
         <input_file_ref idref="fl-5c"/>
      </object_component>
      <object_component id="oc-244">
         <name>.text:strlen</name>
         <load_address>0x835c</load_address>
         <run_address>0x835c</run_address>
         <size>0x16</size>
         <input_file_ref idref="fl-63"/>
      </object_component>
      <object_component id="oc-18">
         <name>.text:decompress:none:__TI_decompress_none</name>
         <load_address>0x8372</load_address>
         <run_address>0x8372</run_address>
         <size>0xe</size>
         <input_file_ref idref="fl-5f"/>
      </object_component>
      <object_component id="oc-62">
         <name>.text:decompress:ZI:__TI_zero_init</name>
         <load_address>0x8380</load_address>
         <run_address>0x8380</run_address>
         <size>0xc</size>
         <input_file_ref idref="fl-5e"/>
      </object_component>
      <object_component id="oc-141">
         <name>.text:abort:abort</name>
         <load_address>0x838c</load_address>
         <run_address>0x838c</run_address>
         <size>0x4</size>
         <input_file_ref idref="fl-61"/>
      </object_component>
      <object_component id="oc-33">
         <name>.text:retain</name>
         <load_address>0x8390</load_address>
         <run_address>0x8390</run_address>
         <size>0x4</size>
         <input_file_ref idref="fl-2c"/>
      </object_component>
      <object_component id="oc-73">
         <name>.text</name>
         <load_address>0x8394</load_address>
         <run_address>0x8394</run_address>
         <size>0x4</size>
         <input_file_ref idref="fl-30"/>
      </object_component>
      <object_component id="oc-46c">
         <name>.tramp.vTaskStartScheduler.1</name>
         <load_address>0x8398</load_address>
         <run_address>0x8398</run_address>
         <size>0x8</size>
         <input_file_ref idref="fl-b"/>
      </object_component>
      <object_component id="oc-46b">
         <name>.tramp.prvGetExpectedIdleTime.1</name>
         <load_address>0x83a0</load_address>
         <run_address>0x83a0</run_address>
         <size>0x8</size>
         <input_file_ref idref="fl-b"/>
      </object_component>
      <object_component id="oc-46a">
         <name>.tramp.prvCheckTasksWaitingTermination.1</name>
         <load_address>0x83a8</load_address>
         <run_address>0x83a8</run_address>
         <size>0x8</size>
         <input_file_ref idref="fl-b"/>
      </object_component>
      <object_component id="oc-469">
         <name>.tramp.prvMpuEnable.1</name>
         <load_address>0x83b0</load_address>
         <run_address>0x83b0</run_address>
         <size>0x8</size>
         <input_file_ref idref="fl-9"/>
      </object_component>
      <object_component id="oc-468">
         <name>.tramp.prvMpuSetRegion.1</name>
         <load_address>0x83b8</load_address>
         <run_address>0x83b8</run_address>
         <size>0x8</size>
         <input_file_ref idref="fl-9"/>
      </object_component>
      <object_component id="oc-467">
         <name>.tramp.prvMpuDisable.1</name>
         <load_address>0x83c0</load_address>
         <run_address>0x83c0</run_address>
         <size>0x8</size>
         <input_file_ref idref="fl-9"/>
      </object_component>
      <object_component id="oc-466">
         <name>.tramp.vEventGroupDelete.1</name>
         <load_address>0x83c8</load_address>
         <run_address>0x83c8</run_address>
         <size>0x8</size>
         <input_file_ref idref="fl-4"/>
      </object_component>
      <object_component id="oc-465">
         <name>.tramp.xEventGroupSync.1</name>
         <load_address>0x83d0</load_address>
         <run_address>0x83d0</run_address>
         <size>0x8</size>
         <input_file_ref idref="fl-4"/>
      </object_component>
      <object_component id="oc-464">
         <name>.tramp.xEventGroupSetBits.1</name>
         <load_address>0x83d8</load_address>
         <run_address>0x83d8</run_address>
         <size>0x8</size>
         <input_file_ref idref="fl-4"/>
      </object_component>
      <object_component id="oc-463">
         <name>.tramp.xEventGroupClearBits.1</name>
         <load_address>0x83e0</load_address>
         <run_address>0x83e0</run_address>
         <size>0x8</size>
         <input_file_ref idref="fl-4"/>
      </object_component>
      <object_component id="oc-462">
         <name>.tramp.xEventGroupWaitBits.1</name>
         <load_address>0x83e8</load_address>
         <run_address>0x83e8</run_address>
         <size>0x8</size>
         <input_file_ref idref="fl-4"/>
      </object_component>
      <object_component id="oc-461">
         <name>.tramp.xEventGroupCreateStatic.1</name>
         <load_address>0x83f0</load_address>
         <run_address>0x83f0</run_address>
         <size>0x8</size>
         <input_file_ref idref="fl-4"/>
      </object_component>
      <object_component id="oc-460">
         <name>.tramp.xEventGroupCreate.1</name>
         <load_address>0x83f8</load_address>
         <run_address>0x83f8</run_address>
         <size>0x8</size>
         <input_file_ref idref="fl-4"/>
      </object_component>
      <object_component id="oc-45f">
         <name>.tramp.xTimerGenericCommand.1</name>
         <load_address>0x8400</load_address>
         <run_address>0x8400</run_address>
         <size>0x8</size>
         <input_file_ref idref="fl-c"/>
      </object_component>
      <object_component id="oc-45e">
         <name>.tramp.xTimerGetExpiryTime.1</name>
         <load_address>0x8408</load_address>
         <run_address>0x8408</run_address>
         <size>0x8</size>
         <input_file_ref idref="fl-c"/>
      </object_component>
      <object_component id="oc-45d">
         <name>.tramp.xTimerGetPeriod.1</name>
         <load_address>0x8410</load_address>
         <run_address>0x8410</run_address>
         <size>0x8</size>
         <input_file_ref idref="fl-c"/>
      </object_component>
      <object_component id="oc-45c">
         <name>.tramp.pcTimerGetName.1</name>
         <load_address>0x8418</load_address>
         <run_address>0x8418</run_address>
         <size>0x8</size>
         <input_file_ref idref="fl-c"/>
      </object_component>
      <object_component id="oc-45b">
         <name>.tramp.xTimerGetTimerDaemonTaskHandle.1</name>
         <load_address>0x8420</load_address>
         <run_address>0x8420</run_address>
         <size>0x8</size>
         <input_file_ref idref="fl-c"/>
      </object_component>
      <object_component id="oc-45a">
         <name>.tramp.xTimerIsTimerActive.1</name>
         <load_address>0x8428</load_address>
         <run_address>0x8428</run_address>
         <size>0x8</size>
         <input_file_ref idref="fl-c"/>
      </object_component>
      <object_component id="oc-459">
         <name>.tramp.vTimerSetTimerID.1</name>
         <load_address>0x8430</load_address>
         <run_address>0x8430</run_address>
         <size>0x8</size>
         <input_file_ref idref="fl-c"/>
      </object_component>
      <object_component id="oc-458">
         <name>.tramp.pvTimerGetTimerID.1</name>
         <load_address>0x8438</load_address>
         <run_address>0x8438</run_address>
         <size>0x8</size>
         <input_file_ref idref="fl-c"/>
      </object_component>
      <object_component id="oc-457">
         <name>.tramp.xTimerCreateStatic.1</name>
         <load_address>0x8440</load_address>
         <run_address>0x8440</run_address>
         <size>0x8</size>
         <input_file_ref idref="fl-c"/>
      </object_component>
      <object_component id="oc-456">
         <name>.tramp.xTimerCreate.1</name>
         <load_address>0x8448</load_address>
         <run_address>0x8448</run_address>
         <size>0x8</size>
         <input_file_ref idref="fl-c"/>
      </object_component>
      <object_component id="oc-455">
         <name>.tramp.xQueueGenericReset.1</name>
         <load_address>0x8450</load_address>
         <run_address>0x8450</run_address>
         <size>0x8</size>
         <input_file_ref idref="fl-a"/>
      </object_component>
      <object_component id="oc-454">
         <name>.tramp.xQueueGenericCreateStatic.1</name>
         <load_address>0x8458</load_address>
         <run_address>0x8458</run_address>
         <size>0x8</size>
         <input_file_ref idref="fl-a"/>
      </object_component>
      <object_component id="oc-453">
         <name>.tramp.xQueueGenericCreate.1</name>
         <load_address>0x8460</load_address>
         <run_address>0x8460</run_address>
         <size>0x8</size>
         <input_file_ref idref="fl-a"/>
      </object_component>
      <object_component id="oc-452">
         <name>.tramp.xQueueCreateMutexStatic.1</name>
         <load_address>0x8468</load_address>
         <run_address>0x8468</run_address>
         <size>0x8</size>
         <input_file_ref idref="fl-a"/>
      </object_component>
      <object_component id="oc-451">
         <name>.tramp.xQueueCreateMutex.1</name>
         <load_address>0x8470</load_address>
         <run_address>0x8470</run_address>
         <size>0x8</size>
         <input_file_ref idref="fl-a"/>
      </object_component>
      <object_component id="oc-450">
         <name>.tramp.vQueueDelete.1</name>
         <load_address>0x8478</load_address>
         <run_address>0x8478</run_address>
         <size>0x8</size>
         <input_file_ref idref="fl-a"/>
      </object_component>
      <object_component id="oc-44f">
         <name>.tramp.uxQueueSpacesAvailable.1</name>
         <load_address>0x8480</load_address>
         <run_address>0x8480</run_address>
         <size>0x8</size>
         <input_file_ref idref="fl-a"/>
      </object_component>
      <object_component id="oc-44e">
         <name>.tramp.uxQueueMessagesWaiting.1</name>
         <load_address>0x8488</load_address>
         <run_address>0x8488</run_address>
         <size>0x8</size>
         <input_file_ref idref="fl-a"/>
      </object_component>
      <object_component id="oc-44d">
         <name>.tramp.xQueueGenericReceive.1</name>
         <load_address>0x8490</load_address>
         <run_address>0x8490</run_address>
         <size>0x8</size>
         <input_file_ref idref="fl-a"/>
      </object_component>
      <object_component id="oc-44c">
         <name>.tramp.xQueueGenericSend.1</name>
         <load_address>0x8498</load_address>
         <run_address>0x8498</run_address>
         <size>0x8</size>
         <input_file_ref idref="fl-a"/>
      </object_component>
      <object_component id="oc-44b">
         <name>.tramp.xTaskGetSchedulerState.1</name>
         <load_address>0x84a0</load_address>
         <run_address>0x84a0</run_address>
         <size>0x8</size>
         <input_file_ref idref="fl-b"/>
      </object_component>
      <object_component id="oc-44a">
         <name>.tramp.xTaskCheckForTimeOut.1</name>
         <load_address>0x84a8</load_address>
         <run_address>0x84a8</run_address>
         <size>0x8</size>
         <input_file_ref idref="fl-b"/>
      </object_component>
      <object_component id="oc-449">
         <name>.tramp.vTaskSetTimeOutState.1</name>
         <load_address>0x84b0</load_address>
         <run_address>0x84b0</run_address>
         <size>0x8</size>
         <input_file_ref idref="fl-b"/>
      </object_component>
      <object_component id="oc-448">
         <name>.tramp.ulTaskNotifyTake.1</name>
         <load_address>0x84b8</load_address>
         <run_address>0x84b8</run_address>
         <size>0x8</size>
         <input_file_ref idref="fl-b"/>
      </object_component>
      <object_component id="oc-447">
         <name>.tramp.xTaskNotifyWait.1</name>
         <load_address>0x84c0</load_address>
         <run_address>0x84c0</run_address>
         <size>0x8</size>
         <input_file_ref idref="fl-b"/>
      </object_component>
      <object_component id="oc-446">
         <name>.tramp.xTaskGenericNotify.1</name>
         <load_address>0x84c8</load_address>
         <run_address>0x84c8</run_address>
         <size>0x8</size>
         <input_file_ref idref="fl-b"/>
      </object_component>
      <object_component id="oc-445">
         <name>.tramp.uxTaskGetSystemState.1</name>
         <load_address>0x84d0</load_address>
         <run_address>0x84d0</run_address>
         <size>0x8</size>
         <input_file_ref idref="fl-b"/>
      </object_component>
      <object_component id="oc-444">
         <name>.tramp.xTaskGetIdleTaskHandle.1</name>
         <load_address>0x84d8</load_address>
         <run_address>0x84d8</run_address>
         <size>0x8</size>
         <input_file_ref idref="fl-b"/>
      </object_component>
      <object_component id="oc-443">
         <name>.tramp.pvTaskGetThreadLocalStoragePointer.1</name>
         <load_address>0x84e0</load_address>
         <run_address>0x84e0</run_address>
         <size>0x8</size>
         <input_file_ref idref="fl-b"/>
      </object_component>
      <object_component id="oc-442">
         <name>.tramp.vTaskSetThreadLocalStoragePointer.1</name>
         <load_address>0x84e8</load_address>
         <run_address>0x84e8</run_address>
         <size>0x8</size>
         <input_file_ref idref="fl-b"/>
      </object_component>
      <object_component id="oc-441">
         <name>.tramp.uxTaskGetStackHighWaterMark.1</name>
         <load_address>0x84f0</load_address>
         <run_address>0x84f0</run_address>
         <size>0x8</size>
         <input_file_ref idref="fl-b"/>
      </object_component>
      <object_component id="oc-440">
         <name>.tramp.xTaskGetHandle.1</name>
         <load_address>0x84f8</load_address>
         <run_address>0x84f8</run_address>
         <size>0x8</size>
         <input_file_ref idref="fl-b"/>
      </object_component>
      <object_component id="oc-43f">
         <name>.tramp.pcTaskGetName.1</name>
         <load_address>0x8500</load_address>
         <run_address>0x8500</run_address>
         <size>0x8</size>
         <input_file_ref idref="fl-b"/>
      </object_component>
      <object_component id="oc-43e">
         <name>.tramp.uxTaskGetNumberOfTasks.1</name>
         <load_address>0x8508</load_address>
         <run_address>0x8508</run_address>
         <size>0x8</size>
         <input_file_ref idref="fl-b"/>
      </object_component>
      <object_component id="oc-43d">
         <name>.tramp.xTaskGetTickCount.1</name>
         <load_address>0x8510</load_address>
         <run_address>0x8510</run_address>
         <size>0x8</size>
         <input_file_ref idref="fl-b"/>
      </object_component>
      <object_component id="oc-43c">
         <name>.tramp.xTaskResumeAll.1</name>
         <load_address>0x8518</load_address>
         <run_address>0x8518</run_address>
         <size>0x8</size>
         <input_file_ref idref="fl-b"/>
      </object_component>
      <object_component id="oc-43b">
         <name>.tramp.vTaskSuspendAll.1</name>
         <load_address>0x8520</load_address>
         <run_address>0x8520</run_address>
         <size>0x8</size>
         <input_file_ref idref="fl-b"/>
      </object_component>
      <object_component id="oc-43a">
         <name>.tramp.vTaskResume.1</name>
         <load_address>0x8528</load_address>
         <run_address>0x8528</run_address>
         <size>0x8</size>
         <input_file_ref idref="fl-b"/>
      </object_component>
      <object_component id="oc-439">
         <name>.tramp.vTaskSuspend.1</name>
         <load_address>0x8530</load_address>
         <run_address>0x8530</run_address>
         <size>0x8</size>
         <input_file_ref idref="fl-b"/>
      </object_component>
      <object_component id="oc-438">
         <name>.tramp.vTaskPrioritySet.1</name>
         <load_address>0x8538</load_address>
         <run_address>0x8538</run_address>
         <size>0x8</size>
         <input_file_ref idref="fl-b"/>
      </object_component>
      <object_component id="oc-437">
         <name>.tramp.vTaskGetInfo.1</name>
         <load_address>0x8540</load_address>
         <run_address>0x8540</run_address>
         <size>0x8</size>
         <input_file_ref idref="fl-b"/>
      </object_component>
      <object_component id="oc-436">
         <name>.tramp.eTaskGetState.1</name>
         <load_address>0x8548</load_address>
         <run_address>0x8548</run_address>
         <size>0x8</size>
         <input_file_ref idref="fl-b"/>
      </object_component>
      <object_component id="oc-435">
         <name>.tramp.uxTaskPriorityGet.1</name>
         <load_address>0x8550</load_address>
         <run_address>0x8550</run_address>
         <size>0x8</size>
         <input_file_ref idref="fl-b"/>
      </object_component>
      <object_component id="oc-434">
         <name>.tramp.xTaskAbortDelay.1</name>
         <load_address>0x8558</load_address>
         <run_address>0x8558</run_address>
         <size>0x8</size>
         <input_file_ref idref="fl-b"/>
      </object_component>
      <object_component id="oc-433">
         <name>.tramp.vTaskDelayUntil.1</name>
         <load_address>0x8560</load_address>
         <run_address>0x8560</run_address>
         <size>0x8</size>
         <input_file_ref idref="fl-b"/>
      </object_component>
      <object_component id="oc-432">
         <name>.tramp.vTaskDelay.1</name>
         <load_address>0x8568</load_address>
         <run_address>0x8568</run_address>
         <size>0x8</size>
         <input_file_ref idref="fl-b"/>
      </object_component>
      <object_component id="oc-431">
         <name>.tramp.vTaskDelete.1</name>
         <load_address>0x8570</load_address>
         <run_address>0x8570</run_address>
         <size>0x8</size>
         <input_file_ref idref="fl-b"/>
      </object_component>
      <object_component id="oc-430">
         <name>.tramp.vTaskAllocateMPURegions.1</name>
         <load_address>0x8578</load_address>
         <run_address>0x8578</run_address>
         <size>0x8</size>
         <input_file_ref idref="fl-b"/>
      </object_component>
      <object_component id="oc-42f">
         <name>.tramp.xTaskCreateRestricted.1</name>
         <load_address>0x8580</load_address>
         <run_address>0x8580</run_address>
         <size>0x8</size>
         <input_file_ref idref="fl-b"/>
      </object_component>
      <object_component id="oc-42e">
         <name>.tramp.xTaskCreateStatic.1</name>
         <load_address>0x8588</load_address>
         <run_address>0x8588</run_address>
         <size>0x8</size>
         <input_file_ref idref="fl-b"/>
      </object_component>
      <object_component id="oc-42d">
         <name>.tramp.xTaskCreate.1</name>
         <load_address>0x8590</load_address>
         <run_address>0x8590</run_address>
         <size>0x8</size>
         <input_file_ref idref="fl-b"/>
      </object_component>
      <object_component id="oc-2b">
         <name>.const:s_vim_init</name>
         <load_address>0x8598</load_address>
         <run_address>0x8598</run_address>
         <size>0x200</size>
         <input_file_ref idref="fl-31"/>
      </object_component>
      <object_component id="oc-426">
         <name>__TI_handler_table</name>
         <load_address>0x114c8</load_address>
         <run_address>0x114c8</run_address>
         <size>0xc</size>
      </object_component>
      <object_component id="oc-429">
         <name>.cinit..data.load</name>
         <load_address>0x114d4</load_address>
         <run_address>0x114d4</run_address>
         <size>0xb</size>
      </object_component>
      <object_component id="oc-42b">
         <name>.cinit..kernelBSS.load</name>
         <load_address>0x114df</load_address>
         <run_address>0x114df</run_address>
         <size>0x9</size>
      </object_component>
      <object_component id="oc-428">
         <name>.cinit..bss.load</name>
         <load_address>0x114e8</load_address>
         <run_address>0x114e8</run_address>
         <size>0x8</size>
      </object_component>
      <object_component id="oc-42a">
         <name>.cinit..kernelHEAP.load</name>
         <load_address>0x114f0</load_address>
         <run_address>0x114f0</run_address>
         <size>0x8</size>
      </object_component>
      <object_component id="oc-427">
         <name>__TI_cinit_table</name>
         <load_address>0x114f8</load_address>
         <run_address>0x114f8</run_address>
         <size>0x20</size>
      </object_component>
      <object_component id="oc-31c">
         <name>.bss:xIdleTaskTCB</name>
         <uninitialized>true</uninitialized>
         <run_address>0x8001db0</run_address>
         <size>0xb4</size>
         <input_file_ref idref="fl-2"/>
      </object_component>
      <object_component id="oc-31f">
         <name>.bss:uxIdleTaskStack</name>
         <uninitialized>true</uninitialized>
         <run_address>0x80019b0</run_address>
         <size>0x200</size>
         <input_file_ref idref="fl-2"/>
      </object_component>
      <object_component id="oc-322">
         <name>.bss:xTimerTaskTCB</name>
         <uninitialized>true</uninitialized>
         <run_address>0x8001e64</run_address>
         <size>0xb4</size>
         <input_file_ref idref="fl-2"/>
      </object_component>
      <object_component id="oc-325">
         <name>.bss:uxTimerTaskStack</name>
         <uninitialized>true</uninitialized>
         <run_address>0x8001bb0</run_address>
         <size>0x200</size>
         <input_file_ref idref="fl-2"/>
      </object_component>
      <object_component id="oc-30a">
         <name>.bss:xStart</name>
         <uninitialized>true</uninitialized>
         <run_address>0x800201c</run_address>
         <size>0x8</size>
         <input_file_ref idref="fl-5"/>
      </object_component>
      <object_component id="oc-2f5">
         <name>.bss:xStaticTimerQueue$2</name>
         <uninitialized>true</uninitialized>
         <run_address>0x8001fcc</run_address>
         <size>0x50</size>
         <input_file_ref idref="fl-c"/>
      </object_component>
      <object_component id="oc-2f4">
         <name>.bss:ucStaticTimerQueueStorage$3</name>
         <uninitialized>true</uninitialized>
         <run_address>0x8001500</run_address>
         <size>0x0</size>
         <input_file_ref idref="fl-c"/>
      </object_component>
      <object_component id="oc-130">
         <name>.bss:led_task_params</name>
         <uninitialized>true</uninitialized>
         <run_address>0x8002024</run_address>
         <size>0x4</size>
         <input_file_ref idref="fl-42"/>
      </object_component>
      <object_component id="oc-139">
         <name>.common:led_task_buffer</name>
         <uninitialized>true</uninitialized>
         <run_address>0x8001f18</run_address>
         <size>0xb4</size>
      </object_component>
      <object_component id="oc-136">
         <name>.common:led_task_stack</name>
         <uninitialized>true</uninitialized>
         <run_address>0x8001500</run_address>
         <size>0x4b0</size>
      </object_component>
      <object_component id="oc-307">
         <name>.data</name>
         <load_address>0x8002028</load_address>
         <run_address>0x8002028</run_address>
         <size>0x10</size>
         <input_file_ref idref="fl-5"/>
      </object_component>
      <object_component id="oc-317">
         <name>.data</name>
         <load_address>0x8002038</load_address>
         <run_address>0x8002038</run_address>
         <size>0x8</size>
         <input_file_ref idref="fl-8"/>
      </object_component>
      <object_component id="oc-133">
         <name>.data</name>
         <load_address>0x8002040</load_address>
         <run_address>0x8002040</run_address>
         <size>0x4</size>
         <input_file_ref idref="fl-42"/>
      </object_component>
      <object_component id="oc-2bb">
         <name>.debug_info</name>
         <load_address>0x0</load_address>
         <run_address>0x0</run_address>
         <size>0x3cb</size>
         <input_file_ref idref="fl-2"/>
      </object_component>
      <object_component id="oc-31d">
         <name>.debug_info</name>
         <load_address>0x3cb</load_address>
         <run_address>0x3cb</run_address>
         <size>0xf3</size>
         <input_file_ref idref="fl-2"/>
      </object_component>
      <object_component id="oc-320">
         <name>.debug_info</name>
         <load_address>0x4be</load_address>
         <run_address>0x4be</run_address>
         <size>0xf9</size>
         <input_file_ref idref="fl-2"/>
      </object_component>
      <object_component id="oc-323">
         <name>.debug_info</name>
         <load_address>0x5b7</load_address>
         <run_address>0x5b7</run_address>
         <size>0xf5</size>
         <input_file_ref idref="fl-2"/>
      </object_component>
      <object_component id="oc-326">
         <name>.debug_info</name>
         <load_address>0x6ac</load_address>
         <run_address>0x6ac</run_address>
         <size>0xfb</size>
         <input_file_ref idref="fl-2"/>
      </object_component>
      <object_component id="oc-239">
         <name>.debug_info</name>
         <load_address>0x7a7</load_address>
         <run_address>0x7a7</run_address>
         <size>0x832</size>
         <input_file_ref idref="fl-2"/>
      </object_component>
      <object_component id="oc-212">
         <name>.debug_info</name>
         <load_address>0xfd9</load_address>
         <run_address>0xfd9</run_address>
         <size>0x30c</size>
         <input_file_ref idref="fl-2"/>
      </object_component>
      <object_component id="oc-15b">
         <name>.debug_info</name>
         <load_address>0x12e5</load_address>
         <run_address>0x12e5</run_address>
         <size>0x26b</size>
         <input_file_ref idref="fl-2"/>
      </object_component>
      <object_component id="oc-261">
         <name>.debug_info</name>
         <load_address>0x1550</load_address>
         <run_address>0x1550</run_address>
         <size>0x454</size>
         <input_file_ref idref="fl-2"/>
      </object_component>
      <object_component id="oc-207">
         <name>.debug_info</name>
         <load_address>0x19a4</load_address>
         <run_address>0x19a4</run_address>
         <size>0xe1</size>
         <input_file_ref idref="fl-2"/>
      </object_component>
      <object_component id="oc-4b">
         <name>.debug_info</name>
         <load_address>0x1a85</load_address>
         <run_address>0x1a85</run_address>
         <size>0x84</size>
         <input_file_ref idref="fl-2"/>
      </object_component>
      <object_component id="oc-20c">
         <name>.debug_info</name>
         <load_address>0x1b09</load_address>
         <run_address>0x1b09</run_address>
         <size>0x2c</size>
         <input_file_ref idref="fl-2"/>
      </object_component>
      <object_component id="oc-2b6">
         <name>.debug_info</name>
         <load_address>0x1b35</load_address>
         <run_address>0x1b35</run_address>
         <size>0x2a4</size>
         <input_file_ref idref="fl-2"/>
      </object_component>
      <object_component id="oc-154">
         <name>.debug_info</name>
         <load_address>0x1dd9</load_address>
         <run_address>0x1dd9</run_address>
         <size>0xbb</size>
         <input_file_ref idref="fl-2"/>
      </object_component>
      <object_component id="oc-3f4">
         <name>.debug_info</name>
         <load_address>0x1e94</load_address>
         <run_address>0x1e94</run_address>
         <size>0x53</size>
         <input_file_ref idref="fl-2"/>
      </object_component>
      <object_component id="oc-25c">
         <name>.debug_info</name>
         <load_address>0x1ee7</load_address>
         <run_address>0x1ee7</run_address>
         <size>0x14c</size>
         <input_file_ref idref="fl-2"/>
      </object_component>
      <object_component id="oc-3ef">
         <name>.debug_info</name>
         <load_address>0x2033</load_address>
         <run_address>0x2033</run_address>
         <size>0x581</size>
         <input_file_ref idref="fl-3"/>
      </object_component>
      <object_component id="oc-361">
         <name>.debug_info</name>
         <load_address>0x25b4</load_address>
         <run_address>0x25b4</run_address>
         <size>0xcc</size>
         <input_file_ref idref="fl-3"/>
      </object_component>
      <object_component id="oc-2fe">
         <name>.debug_info</name>
         <load_address>0x2680</load_address>
         <run_address>0x2680</run_address>
         <size>0x69d</size>
         <input_file_ref idref="fl-4"/>
      </object_component>
      <object_component id="oc-201">
         <name>.debug_info</name>
         <load_address>0x2d1d</load_address>
         <run_address>0x2d1d</run_address>
         <size>0x18b5</size>
         <input_file_ref idref="fl-4"/>
      </object_component>
      <object_component id="oc-2e9">
         <name>.debug_info</name>
         <load_address>0x45d2</load_address>
         <run_address>0x45d2</run_address>
         <size>0x110</size>
         <input_file_ref idref="fl-4"/>
      </object_component>
      <object_component id="oc-221">
         <name>.debug_info</name>
         <load_address>0x46e2</load_address>
         <run_address>0x46e2</run_address>
         <size>0x39</size>
         <input_file_ref idref="fl-4"/>
      </object_component>
      <object_component id="oc-21c">
         <name>.debug_info</name>
         <load_address>0x471b</load_address>
         <run_address>0x471b</run_address>
         <size>0x46</size>
         <input_file_ref idref="fl-4"/>
      </object_component>
      <object_component id="oc-396">
         <name>.debug_info</name>
         <load_address>0x4761</load_address>
         <run_address>0x4761</run_address>
         <size>0x8a</size>
         <input_file_ref idref="fl-4"/>
      </object_component>
      <object_component id="oc-30e">
         <name>.debug_info</name>
         <load_address>0x47eb</load_address>
         <run_address>0x47eb</run_address>
         <size>0x480</size>
         <input_file_ref idref="fl-5"/>
      </object_component>
      <object_component id="oc-39c">
         <name>.debug_info</name>
         <load_address>0x4c6b</load_address>
         <run_address>0x4c6b</run_address>
         <size>0xe9</size>
         <input_file_ref idref="fl-5"/>
      </object_component>
      <object_component id="oc-30b">
         <name>.debug_info</name>
         <load_address>0x4d54</load_address>
         <run_address>0x4d54</run_address>
         <size>0xe9</size>
         <input_file_ref idref="fl-5"/>
      </object_component>
      <object_component id="oc-308">
         <name>.debug_info</name>
         <load_address>0x4e3d</load_address>
         <run_address>0x4e3d</run_address>
         <size>0x19d</size>
         <input_file_ref idref="fl-5"/>
      </object_component>
      <object_component id="oc-227">
         <name>.debug_info</name>
         <load_address>0x4fda</load_address>
         <run_address>0x4fda</run_address>
         <size>0x63b</size>
         <input_file_ref idref="fl-5"/>
      </object_component>
      <object_component id="oc-302">
         <name>.debug_info</name>
         <load_address>0x5615</load_address>
         <run_address>0x5615</run_address>
         <size>0x314</size>
         <input_file_ref idref="fl-5"/>
      </object_component>
      <object_component id="oc-3a3">
         <name>.debug_info</name>
         <load_address>0x5929</load_address>
         <run_address>0x5929</run_address>
         <size>0x62</size>
         <input_file_ref idref="fl-5"/>
      </object_component>
      <object_component id="oc-310">
         <name>.debug_info</name>
         <load_address>0x598b</load_address>
         <run_address>0x598b</run_address>
         <size>0x37a</size>
         <input_file_ref idref="fl-6"/>
      </object_component>
      <object_component id="oc-22d">
         <name>.debug_info</name>
         <load_address>0x5d05</load_address>
         <run_address>0x5d05</run_address>
         <size>0x599</size>
         <input_file_ref idref="fl-6"/>
      </object_component>
      <object_component id="oc-211">
         <name>.debug_info</name>
         <load_address>0x629e</load_address>
         <run_address>0x629e</run_address>
         <size>0x1311</size>
         <input_file_ref idref="fl-7"/>
      </object_component>
      <object_component id="oc-125">
         <name>.debug_info</name>
         <load_address>0x75af</load_address>
         <run_address>0x75af</run_address>
         <size>0x606f</size>
         <input_file_ref idref="fl-7"/>
      </object_component>
      <object_component id="oc-217">
         <name>.debug_info</name>
         <load_address>0xd61e</load_address>
         <run_address>0xd61e</run_address>
         <size>0x46</size>
         <input_file_ref idref="fl-7"/>
      </object_component>
      <object_component id="oc-31b">
         <name>.debug_info</name>
         <load_address>0xd664</load_address>
         <run_address>0xd664</run_address>
         <size>0x492</size>
         <input_file_ref idref="fl-8"/>
      </object_component>
      <object_component id="oc-318">
         <name>.debug_info</name>
         <load_address>0xdaf6</load_address>
         <run_address>0xdaf6</run_address>
         <size>0x137</size>
         <input_file_ref idref="fl-8"/>
      </object_component>
      <object_component id="oc-233">
         <name>.debug_info</name>
         <load_address>0xdc2d</load_address>
         <run_address>0xdc2d</run_address>
         <size>0x673</size>
         <input_file_ref idref="fl-8"/>
      </object_component>
      <object_component id="oc-312">
         <name>.debug_info</name>
         <load_address>0xe2a0</load_address>
         <run_address>0xe2a0</run_address>
         <size>0x3ee</size>
         <input_file_ref idref="fl-8"/>
      </object_component>
      <object_component id="oc-9b">
         <name>.debug_info</name>
         <load_address>0xe68e</load_address>
         <run_address>0xe68e</run_address>
         <size>0x157</size>
         <input_file_ref idref="fl-8"/>
      </object_component>
      <object_component id="oc-b0">
         <name>.debug_info</name>
         <load_address>0xe7e5</load_address>
         <run_address>0xe7e5</run_address>
         <size>0x8b</size>
         <input_file_ref idref="fl-8"/>
      </object_component>
      <object_component id="oc-b5">
         <name>.debug_info</name>
         <load_address>0xe870</load_address>
         <run_address>0xe870</run_address>
         <size>0x86</size>
         <input_file_ref idref="fl-8"/>
      </object_component>
      <object_component id="oc-24b">
         <name>.debug_info</name>
         <load_address>0xe8f6</load_address>
         <run_address>0xe8f6</run_address>
         <size>0x63d</size>
         <input_file_ref idref="fl-9"/>
      </object_component>
      <object_component id="oc-2cf">
         <name>.debug_info</name>
         <load_address>0xef33</load_address>
         <run_address>0xef33</run_address>
         <size>0x90f</size>
         <input_file_ref idref="fl-a"/>
      </object_component>
      <object_component id="oc-1f5">
         <name>.debug_info</name>
         <load_address>0xf842</load_address>
         <run_address>0xf842</run_address>
         <size>0x337e</size>
         <input_file_ref idref="fl-a"/>
      </object_component>
      <object_component id="oc-35c">
         <name>.debug_info</name>
         <load_address>0x12bc0</load_address>
         <run_address>0x12bc0</run_address>
         <size>0x191</size>
         <input_file_ref idref="fl-a"/>
      </object_component>
      <object_component id="oc-1a8">
         <name>.debug_info</name>
         <load_address>0x12d51</load_address>
         <run_address>0x12d51</run_address>
         <size>0x35</size>
         <input_file_ref idref="fl-a"/>
      </object_component>
      <object_component id="oc-250">
         <name>.debug_info</name>
         <load_address>0x12d86</load_address>
         <run_address>0x12d86</run_address>
         <size>0x9c1</size>
         <input_file_ref idref="fl-b"/>
      </object_component>
      <object_component id="oc-23f">
         <name>.debug_info</name>
         <load_address>0x13747</load_address>
         <run_address>0x13747</run_address>
         <size>0x35a</size>
         <input_file_ref idref="fl-b"/>
      </object_component>
      <object_component id="oc-242">
         <name>.debug_info</name>
         <load_address>0x13aa1</load_address>
         <run_address>0x13aa1</run_address>
         <size>0x286</size>
         <input_file_ref idref="fl-b"/>
      </object_component>
      <object_component id="oc-12b">
         <name>.debug_info</name>
         <load_address>0x13d27</load_address>
         <run_address>0x13d27</run_address>
         <size>0x673b</size>
         <input_file_ref idref="fl-b"/>
      </object_component>
      <object_component id="oc-1ef">
         <name>.debug_info</name>
         <load_address>0x1a462</load_address>
         <run_address>0x1a462</run_address>
         <size>0x4a1</size>
         <input_file_ref idref="fl-b"/>
      </object_component>
      <object_component id="oc-332">
         <name>.debug_info</name>
         <load_address>0x1a903</load_address>
         <run_address>0x1a903</run_address>
         <size>0x1a6</size>
         <input_file_ref idref="fl-b"/>
      </object_component>
      <object_component id="oc-2f7">
         <name>.debug_info</name>
         <load_address>0x1aaa9</load_address>
         <run_address>0x1aaa9</run_address>
         <size>0x902</size>
         <input_file_ref idref="fl-c"/>
      </object_component>
      <object_component id="oc-2f2">
         <name>.debug_info</name>
         <load_address>0x1b3ab</load_address>
         <run_address>0x1b3ab</run_address>
         <size>0x19c</size>
         <input_file_ref idref="fl-c"/>
      </object_component>
      <object_component id="oc-2ef">
         <name>.debug_info</name>
         <load_address>0x1b547</load_address>
         <run_address>0x1b547</run_address>
         <size>0x124</size>
         <input_file_ref idref="fl-c"/>
      </object_component>
      <object_component id="oc-1fb">
         <name>.debug_info</name>
         <load_address>0x1b66b</load_address>
         <run_address>0x1b66b</run_address>
         <size>0x23e4</size>
         <input_file_ref idref="fl-c"/>
      </object_component>
      <object_component id="oc-2f8">
         <name>.debug_info</name>
         <load_address>0x1da4f</load_address>
         <run_address>0x1da4f</run_address>
         <size>0x1e2</size>
         <input_file_ref idref="fl-c"/>
      </object_component>
      <object_component id="oc-184">
         <name>.debug_info</name>
         <load_address>0x1dc31</load_address>
         <run_address>0x1dc31</run_address>
         <size>0x317</size>
         <input_file_ref idref="fl-f"/>
      </object_component>
      <object_component id="oc-199">
         <name>.debug_info</name>
         <load_address>0x1df48</load_address>
         <run_address>0x1df48</run_address>
         <size>0x791</size>
         <input_file_ref idref="fl-f"/>
      </object_component>
      <object_component id="oc-ab">
         <name>.debug_info</name>
         <load_address>0x1e6d9</load_address>
         <run_address>0x1e6d9</run_address>
         <size>0x18c</size>
         <input_file_ref idref="fl-f"/>
      </object_component>
      <object_component id="oc-2c0">
         <name>.debug_info</name>
         <load_address>0x1e865</load_address>
         <run_address>0x1e865</run_address>
         <size>0x38f</size>
         <input_file_ref idref="fl-f"/>
      </object_component>
      <object_component id="oc-179">
         <name>.debug_info</name>
         <load_address>0x1ebf4</load_address>
         <run_address>0x1ebf4</run_address>
         <size>0x2d0</size>
         <input_file_ref idref="fl-f"/>
      </object_component>
      <object_component id="oc-2d0">
         <name>.debug_info</name>
         <load_address>0x1eec4</load_address>
         <run_address>0x1eec4</run_address>
         <size>0x306</size>
         <input_file_ref idref="fl-10"/>
      </object_component>
      <object_component id="oc-1ad">
         <name>.debug_info</name>
         <load_address>0x1f1ca</load_address>
         <run_address>0x1f1ca</run_address>
         <size>0x437</size>
         <input_file_ref idref="fl-10"/>
      </object_component>
      <object_component id="oc-368">
         <name>.debug_info</name>
         <load_address>0x1f601</load_address>
         <run_address>0x1f601</run_address>
         <size>0x15f</size>
         <input_file_ref idref="fl-10"/>
      </object_component>
      <object_component id="oc-349">
         <name>.debug_info</name>
         <load_address>0x1f760</load_address>
         <run_address>0x1f760</run_address>
         <size>0x2c7</size>
         <input_file_ref idref="fl-11"/>
      </object_component>
      <object_component id="oc-284">
         <name>.debug_info</name>
         <load_address>0x1fa27</load_address>
         <run_address>0x1fa27</run_address>
         <size>0x3b8</size>
         <input_file_ref idref="fl-11"/>
      </object_component>
      <object_component id="oc-3c7">
         <name>.debug_info</name>
         <load_address>0x1fddf</load_address>
         <run_address>0x1fddf</run_address>
         <size>0x22c</size>
         <input_file_ref idref="fl-11"/>
      </object_component>
      <object_component id="oc-a4">
         <name>.debug_info</name>
         <load_address>0x2000b</load_address>
         <run_address>0x2000b</run_address>
         <size>0x117</size>
         <input_file_ref idref="fl-12"/>
      </object_component>
      <object_component id="oc-34a">
         <name>.debug_info</name>
         <load_address>0x20122</load_address>
         <run_address>0x20122</run_address>
         <size>0x29c</size>
         <input_file_ref idref="fl-13"/>
      </object_component>
      <object_component id="oc-3ce">
         <name>.debug_info</name>
         <load_address>0x203be</load_address>
         <run_address>0x203be</run_address>
         <size>0x155</size>
         <input_file_ref idref="fl-13"/>
      </object_component>
      <object_component id="oc-289">
         <name>.debug_info</name>
         <load_address>0x20513</load_address>
         <run_address>0x20513</run_address>
         <size>0x116</size>
         <input_file_ref idref="fl-13"/>
      </object_component>
      <object_component id="oc-34b">
         <name>.debug_info</name>
         <load_address>0x20629</load_address>
         <run_address>0x20629</run_address>
         <size>0x2b9</size>
         <input_file_ref idref="fl-14"/>
      </object_component>
      <object_component id="oc-3d5">
         <name>.debug_info</name>
         <load_address>0x208e2</load_address>
         <run_address>0x208e2</run_address>
         <size>0x359</size>
         <input_file_ref idref="fl-14"/>
      </object_component>
      <object_component id="oc-28e">
         <name>.debug_info</name>
         <load_address>0x20c3b</load_address>
         <run_address>0x20c3b</run_address>
         <size>0x152</size>
         <input_file_ref idref="fl-14"/>
      </object_component>
      <object_component id="oc-2bc">
         <name>.debug_info</name>
         <load_address>0x20d8d</load_address>
         <run_address>0x20d8d</run_address>
         <size>0x5f8</size>
         <input_file_ref idref="fl-15"/>
      </object_component>
      <object_component id="oc-293">
         <name>.debug_info</name>
         <load_address>0x21385</load_address>
         <run_address>0x21385</run_address>
         <size>0x515</size>
         <input_file_ref idref="fl-15"/>
      </object_component>
      <object_component id="oc-165">
         <name>.debug_info</name>
         <load_address>0x2189a</load_address>
         <run_address>0x2189a</run_address>
         <size>0x435</size>
         <input_file_ref idref="fl-15"/>
      </object_component>
      <object_component id="oc-1cb">
         <name>.debug_info</name>
         <load_address>0x21ccf</load_address>
         <run_address>0x21ccf</run_address>
         <size>0x551</size>
         <input_file_ref idref="fl-15"/>
      </object_component>
      <object_component id="oc-16a">
         <name>.debug_info</name>
         <load_address>0x22220</load_address>
         <run_address>0x22220</run_address>
         <size>0x1f9</size>
         <input_file_ref idref="fl-15"/>
      </object_component>
      <object_component id="oc-16f">
         <name>.debug_info</name>
         <load_address>0x22419</load_address>
         <run_address>0x22419</run_address>
         <size>0x6a6</size>
         <input_file_ref idref="fl-15"/>
      </object_component>
      <object_component id="oc-174">
         <name>.debug_info</name>
         <load_address>0x22abf</load_address>
         <run_address>0x22abf</run_address>
         <size>0x13e</size>
         <input_file_ref idref="fl-15"/>
      </object_component>
      <object_component id="oc-34c">
         <name>.debug_info</name>
         <load_address>0x22bfd</load_address>
         <run_address>0x22bfd</run_address>
         <size>0x29d</size>
         <input_file_ref idref="fl-16"/>
      </object_component>
      <object_component id="oc-3dc">
         <name>.debug_info</name>
         <load_address>0x22e9a</load_address>
         <run_address>0x22e9a</run_address>
         <size>0x669</size>
         <input_file_ref idref="fl-16"/>
      </object_component>
      <object_component id="oc-298">
         <name>.debug_info</name>
         <load_address>0x23503</load_address>
         <run_address>0x23503</run_address>
         <size>0x22e</size>
         <input_file_ref idref="fl-16"/>
      </object_component>
      <object_component id="oc-194">
         <name>.debug_info</name>
         <load_address>0x23731</load_address>
         <run_address>0x23731</run_address>
         <size>0x2c6</size>
         <input_file_ref idref="fl-17"/>
      </object_component>
      <object_component id="oc-6e">
         <name>.debug_info</name>
         <load_address>0x239f7</load_address>
         <run_address>0x239f7</run_address>
         <size>0x6e7</size>
         <input_file_ref idref="fl-17"/>
      </object_component>
      <object_component id="oc-d8">
         <name>.debug_info</name>
         <load_address>0x240de</load_address>
         <run_address>0x240de</run_address>
         <size>0x9e7</size>
         <input_file_ref idref="fl-17"/>
      </object_component>
      <object_component id="oc-f3">
         <name>.debug_info</name>
         <load_address>0x24ac5</load_address>
         <run_address>0x24ac5</run_address>
         <size>0x31e</size>
         <input_file_ref idref="fl-18"/>
      </object_component>
      <object_component id="oc-86">
         <name>.debug_info</name>
         <load_address>0x24de3</load_address>
         <run_address>0x24de3</run_address>
         <size>0xd53</size>
         <input_file_ref idref="fl-18"/>
      </object_component>
      <object_component id="oc-26">
         <name>.debug_info</name>
         <load_address>0x25b36</load_address>
         <run_address>0x25b36</run_address>
         <size>0x1b3</size>
         <input_file_ref idref="fl-18"/>
      </object_component>
      <object_component id="oc-160">
         <name>.debug_info</name>
         <load_address>0x25ce9</load_address>
         <run_address>0x25ce9</run_address>
         <size>0x1de</size>
         <input_file_ref idref="fl-18"/>
      </object_component>
      <object_component id="oc-ee">
         <name>.debug_info</name>
         <load_address>0x25ec7</load_address>
         <run_address>0x25ec7</run_address>
         <size>0x129</size>
         <input_file_ref idref="fl-18"/>
      </object_component>
      <object_component id="oc-2d2">
         <name>.debug_info</name>
         <load_address>0x25ff0</load_address>
         <run_address>0x25ff0</run_address>
         <size>0x2bb</size>
         <input_file_ref idref="fl-19"/>
      </object_component>
      <object_component id="oc-376">
         <name>.debug_info</name>
         <load_address>0x262ab</load_address>
         <run_address>0x262ab</run_address>
         <size>0xc6d</size>
         <input_file_ref idref="fl-19"/>
      </object_component>
      <object_component id="oc-29d">
         <name>.debug_info</name>
         <load_address>0x26f18</load_address>
         <run_address>0x26f18</run_address>
         <size>0x396</size>
         <input_file_ref idref="fl-19"/>
      </object_component>
      <object_component id="oc-1bc">
         <name>.debug_info</name>
         <load_address>0x272ae</load_address>
         <run_address>0x272ae</run_address>
         <size>0x508</size>
         <input_file_ref idref="fl-19"/>
      </object_component>
      <object_component id="oc-2c9">
         <name>.debug_info</name>
         <load_address>0x277b6</load_address>
         <run_address>0x277b6</run_address>
         <size>0x43c</size>
         <input_file_ref idref="fl-19"/>
      </object_component>
      <object_component id="oc-338">
         <name>.debug_info</name>
         <load_address>0x27bf2</load_address>
         <run_address>0x27bf2</run_address>
         <size>0x2a1</size>
         <input_file_ref idref="fl-1a"/>
      </object_component>
      <object_component id="oc-267">
         <name>.debug_info</name>
         <load_address>0x27e93</load_address>
         <run_address>0x27e93</run_address>
         <size>0x82b</size>
         <input_file_ref idref="fl-1a"/>
      </object_component>
      <object_component id="oc-3bd">
         <name>.debug_info</name>
         <load_address>0x286be</load_address>
         <run_address>0x286be</run_address>
         <size>0x12a</size>
         <input_file_ref idref="fl-1a"/>
      </object_component>
      <object_component id="oc-2d1">
         <name>.debug_info</name>
         <load_address>0x287e8</load_address>
         <run_address>0x287e8</run_address>
         <size>0x2fd</size>
         <input_file_ref idref="fl-1b"/>
      </object_component>
      <object_component id="oc-18c">
         <name>.debug_info</name>
         <load_address>0x28ae5</load_address>
         <run_address>0x28ae5</run_address>
         <size>0x2c</size>
         <input_file_ref idref="fl-1b"/>
      </object_component>
      <object_component id="oc-1b7">
         <name>.debug_info</name>
         <load_address>0x28b11</load_address>
         <run_address>0x28b11</run_address>
         <size>0x3d3</size>
         <input_file_ref idref="fl-1b"/>
      </object_component>
      <object_component id="oc-36f">
         <name>.debug_info</name>
         <load_address>0x28ee4</load_address>
         <run_address>0x28ee4</run_address>
         <size>0x2e3</size>
         <input_file_ref idref="fl-1b"/>
      </object_component>
      <object_component id="oc-34d">
         <name>.debug_info</name>
         <load_address>0x291c7</load_address>
         <run_address>0x291c7</run_address>
         <size>0x2ac</size>
         <input_file_ref idref="fl-1c"/>
      </object_component>
      <object_component id="oc-2a2">
         <name>.debug_info</name>
         <load_address>0x29473</load_address>
         <run_address>0x29473</run_address>
         <size>0x2e2</size>
         <input_file_ref idref="fl-1c"/>
      </object_component>
      <object_component id="oc-3e3">
         <name>.debug_info</name>
         <load_address>0x29755</load_address>
         <run_address>0x29755</run_address>
         <size>0x34f</size>
         <input_file_ref idref="fl-1c"/>
      </object_component>
      <object_component id="oc-34e">
         <name>.debug_info</name>
         <load_address>0x29aa4</load_address>
         <run_address>0x29aa4</run_address>
         <size>0x2cd</size>
         <input_file_ref idref="fl-1d"/>
      </object_component>
      <object_component id="oc-2a7">
         <name>.debug_info</name>
         <load_address>0x29d71</load_address>
         <run_address>0x29d71</run_address>
         <size>0x2bc</size>
         <input_file_ref idref="fl-1d"/>
      </object_component>
      <object_component id="oc-3ea">
         <name>.debug_info</name>
         <load_address>0x2a02d</load_address>
         <run_address>0x2a02d</run_address>
         <size>0x186</size>
         <input_file_ref idref="fl-1d"/>
      </object_component>
      <object_component id="oc-2ce">
         <name>.debug_info</name>
         <load_address>0x2a1b3</load_address>
         <run_address>0x2a1b3</run_address>
         <size>0x302</size>
         <input_file_ref idref="fl-1f"/>
      </object_component>
      <object_component id="oc-19e">
         <name>.debug_info</name>
         <load_address>0x2a4b5</load_address>
[...]
         <name>_coreClearInstructionFault_</name>
         <value>0x6c88</value>
         <object_component_ref idref="oc-68"/>
      </symbol>
      <symbol id="sm-a50">
         <name>_getCPSRValue_</name>
         <value>0x6bc0</value>
         <object_component_ref idref="oc-68"/>
      </symbol>
      <symbol id="sm-a51">
         <name>__TI_PINIT_Limit</name>
         <value>0x6db0</value>
         <object_component_ref idref="oc-68"/>
      </symbol>
      <symbol id="sm-a52">
         <name>_coreEnableFlashEcc_</name>
         <value>0x6c38</value>
         <object_component_ref idref="oc-68"/>
      </symbol>
      <symbol id="sm-a53">
         <name>_disable_FIQ_interrupt_</name>
         <value>0x6cec</value>
         <object_component_ref idref="oc-68"/>
      </symbol>
      <symbol id="sm-a54">
         <name>_coreGetAuxiliaryInstructionFault_</name>
         <value>0x6cd0</value>
         <object_component_ref idref="oc-68"/>
      </symbol>
      <symbol id="sm-a55">
         <name>_coreInitStackPointer_</name>
         <value>0x6b74</value>
         <object_component_ref idref="oc-68"/>
      </symbol>
      <symbol id="sm-a56">
         <name>_esmCcmErrorsClear_</name>
         <value>0x6d04</value>
         <object_component_ref idref="oc-68"/>
      </symbol>
      <symbol id="sm-a57">
         <name>_gotoCPUIdle_</name>
         <value>0x6bc8</value>
         <object_component_ref idref="oc-68"/>
      </symbol>
      <symbol id="sm-a58">
         <name>_coreEnableIrqVicOffset_</name>
         <value>0x6c5c</value>
         <object_component_ref idref="oc-68"/>
      </symbol>
      <symbol id="sm-a59">
         <name>_coreGetInstructionFault_</name>
         <value>0x6c80</value>
         <object_component_ref idref="oc-68"/>
      </symbol>
      <symbol id="sm-a5a">
         <name>_coreEnableVfp_</name>
         <value>0x6be0</value>
         <object_component_ref idref="oc-68"/>
      </symbol>
      <symbol id="sm-a5b">
         <name>_coreClearAuxiliaryDataFault_</name>
         <value>0x6cc4</value>
         <object_component_ref idref="oc-68"/>
      </symbol>
      <symbol id="sm-a5c">
         <name>_coreEnableEventBusExport_</name>
         <value>0x6bf8</value>
         <object_component_ref idref="oc-68"/>
      </symbol>
      <symbol id="sm-a69">
         <name>resetEntry</name>
         <value>0x0</value>
         <object_component_ref idref="oc-2e"/>
      </symbol>
      <symbol id="sm-a82">
         <name>phantomInterrupt</name>
         <value>0x8390</value>
         <object_component_ref idref="oc-33"/>
      </symbol>
      <symbol id="sm-a8c">
         <name>_pmuResetCounters_</name>
         <value>0x7f88</value>
         <object_component_ref idref="oc-e6"/>
      </symbol>
      <symbol id="sm-a8d">
         <name>_pmuGetEventCount_</name>
         <value>0x7fbc</value>
         <object_component_ref idref="oc-e6"/>
      </symbol>
      <symbol id="sm-a8e">
         <name>_pmuResetEventCounters_</name>
         <value>0x7f78</value>
         <object_component_ref idref="oc-e6"/>
      </symbol>
      <symbol id="sm-a8f">
         <name>_pmuStopCounters_</name>
         <value>0x7fa0</value>
         <object_component_ref idref="oc-e6"/>
      </symbol>
      <symbol id="sm-a90">
         <name>_pmuInit_</name>
         <value>0x7efc</value>
         <object_component_ref idref="oc-e6"/>
      </symbol>
      <symbol id="sm-a91">
         <name>_pmuGetOverflow_</name>
         <value>0x7fc8</value>
         <object_component_ref idref="oc-e6"/>
      </symbol>
      <symbol id="sm-a92">
         <name>_pmuResetCycleCounter_</name>
         <value>0x7f68</value>
         <object_component_ref idref="oc-e6"/>
      </symbol>
      <symbol id="sm-a93">
         <name>_pmuSetCountEvent_</name>
         <value>0x7fa8</value>
         <object_component_ref idref="oc-e6"/>
      </symbol>
      <symbol id="sm-a94">
         <name>_pmuGetCycleCount_</name>
         <value>0x7fb4</value>
         <object_component_ref idref="oc-e6"/>
      </symbol>
      <symbol id="sm-a95">
         <name>_pmuEnableCountersGlobal_</name>
         <value>0x7f48</value>
         <object_component_ref idref="oc-e6"/>
      </symbol>
      <symbol id="sm-a96">
         <name>_pmuDisableCountersGlobal_</name>
         <value>0x7f58</value>
         <object_component_ref idref="oc-e6"/>
      </symbol>
      <symbol id="sm-a97">
         <name>_pmuStartCounters_</name>
         <value>0x7f98</value>
         <object_component_ref idref="oc-e6"/>
      </symbol>
      <symbol id="sm-c57">
         <name>pbistSelfCheck</name>
         <value>0x2cc</value>
         <object_component_ref idref="oc-7f"/>
      </symbol>
      <symbol id="sm-c58">
         <name>fmcBus1ParityCheck</name>
         <value>0x22c4</value>
         <object_component_ref idref="oc-7f"/>
      </symbol>
      <symbol id="sm-c59">
         <name>can1ParityCheck</name>
         <value>0x1410</value>
         <object_component_ref idref="oc-7f"/>
      </symbol>
      <symbol id="sm-c5a">
         <name>enableParity</name>
         <value>0x2ad0</value>
         <object_component_ref idref="oc-7f"/>
      </symbol>
      <symbol id="sm-c5b">
         <name>dmaParityCheck</name>
         <value>0xeac</value>
         <object_component_ref idref="oc-7f"/>
      </symbol>
      <symbol id="sm-c5c">
         <name>custom_dabort</name>
         <value>0xdf4</value>
         <object_component_ref idref="oc-7f"/>
      </symbol>
      <symbol id="sm-c5d">
         <name>memoryInit</name>
         <value>0x174</value>
         <object_component_ref idref="oc-7f"/>
      </symbol>
      <symbol id="sm-c5e">
         <name>stcSelfCheck</name>
         <value>0x1b8</value>
         <object_component_ref idref="oc-7f"/>
      </symbol>
      <symbol id="sm-c5f">
         <name>efcGetConfigValue</name>
         <value>0x2660</value>
         <object_component_ref idref="oc-7f"/>
      </symbol>
      <symbol id="sm-c60">
         <name>can2ParityCheck</name>
         <value>0x14e8</value>
         <object_component_ref idref="oc-7f"/>
      </symbol>
      <symbol id="sm-c61">
         <name>het1ParityCheck</name>
         <value>0xf58</value>
         <object_component_ref idref="oc-7f"/>
      </symbol>
      <symbol id="sm-c62">
         <name>adc1ParityCheck</name>
         <value>0x126c</value>
         <object_component_ref idref="oc-7f"/>
      </symbol>
      <symbol id="sm-c63">
         <name>checkefcSelfTest</name>
         <value>0x7bc</value>
         <object_component_ref idref="oc-7f"/>
      </symbol>
      <symbol id="sm-c64">
         <name>checkRAMECC</name>
         <value>0x19d0</value>
         <object_component_ref idref="oc-7f"/>
      </symbol>
      <symbol id="sm-c65">
         <name>stcSelfCheckFail</name>
         <value>0xdf8</value>
         <object_component_ref idref="oc-7f"/>
      </symbol>
      <symbol id="sm-c66">
         <name>ccmSelfCheck</name>
         <value>0x30</value>
         <object_component_ref idref="oc-7f"/>
      </symbol>
      <symbol id="sm-c67">
         <name>efcCheck</name>
         <value>0x660</value>
         <object_component_ref idref="oc-7f"/>
      </symbol>
      <symbol id="sm-c68">
         <name>het2ParityCheck</name>
         <value>0x10c0</value>
         <object_component_ref idref="oc-7f"/>
      </symbol>
      <symbol id="sm-c69">
         <name>adc2ParityCheck</name>
         <value>0x1358</value>
         <object_component_ref idref="oc-7f"/>
      </symbol>
      <symbol id="sm-c6a">
         <name>cpuSelfTest</name>
         <value>0x234</value>
         <object_component_ref idref="oc-7f"/>
      </symbol>
      <symbol id="sm-c6b">
         <name>htu1ParityCheck</name>
         <value>0x1004</value>
         <object_component_ref idref="oc-7f"/>
      </symbol>
      <symbol id="sm-c6c">
         <name>checkFlashECC</name>
         <value>0xd18</value>
         <object_component_ref idref="oc-7f"/>
      </symbol>
      <symbol id="sm-c6d">
         <name>cpuSelfTestFail</name>
         <value>0xdfc</value>
         <object_component_ref idref="oc-7f"/>
      </symbol>
      <symbol id="sm-c6e">
         <name>checkPLL1Slip</name>
         <value>0x1e8c</value>
         <object_component_ref idref="oc-7f"/>
      </symbol>
      <symbol id="sm-c6f">
         <name>mibspi1ParityCheck</name>
         <value>0x1684</value>
         <object_component_ref idref="oc-7f"/>
      </symbol>
      <symbol id="sm-c70">
         <name>ccmr4GetConfigValue</name>
         <value>0x26fc</value>
         <object_component_ref idref="oc-7f"/>
      </symbol>
      <symbol id="sm-c71">
         <name>htu2ParityCheck</name>
         <value>0x11bc</value>
         <object_component_ref idref="oc-7f"/>
      </symbol>
      <symbol id="sm-c72">
         <name>pbistPortTestStatus</name>
         <value>0x608</value>
         <object_component_ref idref="oc-7f"/>
      </symbol>
      <symbol id="sm-c73">
         <name>checkFlashEEPROMECC</name>
         <value>0x1cf4</value>
         <object_component_ref idref="oc-7f"/>
      </symbol>
      <symbol id="sm-c74">
         <name>pbistGetConfigValue</name>
         <value>0x2470</value>
         <object_component_ref idref="oc-7f"/>
      </symbol>
      <symbol id="sm-c75">
         <name>vimParityCheck</name>
         <value>0xe00</value>
         <object_component_ref idref="oc-7f"/>
      </symbol>
      <symbol id="sm-c76">
         <name>pbistIsTestCompleted</name>
         <value>0x5a8</value>
         <object_component_ref idref="oc-7f"/>
      </symbol>
      <symbol id="sm-c77">
         <name>disableParity</name>
         <value>0x2b58</value>
         <object_component_ref idref="oc-7f"/>
      </symbol>
      <symbol id="sm-c78">
         <name>pbistRun</name>
         <value>0x4ac</value>
         <object_component_ref idref="oc-7f"/>
      </symbol>
      <symbol id="sm-c79">
         <name>pbistFail</name>
         <value>0x23ec</value>
         <object_component_ref idref="oc-7f"/>
      </symbol>
      <symbol id="sm-c7a">
         <name>selftestFailNotification</name>
         <value>0x20</value>
         <object_component_ref idref="oc-7f"/>
      </symbol>
      <symbol id="sm-c7b">
         <name>errata_PBIST_4</name>
         <value>0x276c</value>
         <object_component_ref idref="oc-7f"/>
      </symbol>
      <symbol id="sm-c7c">
         <name>mibspi3ParityCheck</name>
         <value>0x178c</value>
         <object_component_ref idref="oc-7f"/>
      </symbol>
      <symbol id="sm-c7d">
         <name>efcSelfTest</name>
         <value>0x794</value>
         <object_component_ref idref="oc-7f"/>
      </symbol>
      <symbol id="sm-c7e">
         <name>checkB1RAMECC</name>
         <value>0xb28</value>
         <object_component_ref idref="oc-7f"/>
      </symbol>
      <symbol id="sm-c7f">
         <name>pbistStop</name>
         <value>0x578</value>
         <object_component_ref idref="oc-7f"/>
      </symbol>
      <symbol id="sm-c80">
         <name>can3ParityCheck</name>
         <value>0x15b0</value>
         <object_component_ref idref="oc-7f"/>
      </symbol>
      <symbol id="sm-c81">
         <name>checkRAMAddrParity</name>
         <value>0x2050</value>
         <object_component_ref idref="oc-7f"/>
      </symbol>
      <symbol id="sm-c82">
         <name>mibspi5ParityCheck</name>
         <value>0x18b0</value>
         <object_component_ref idref="oc-7f"/>
      </symbol>
      <symbol id="sm-c83">
         <name>checkB0RAMECC</name>
         <value>0x938</value>
         <object_component_ref idref="oc-7f"/>
      </symbol>
      <symbol id="sm-c84">
         <name>stcGetConfigValue</name>
         <value>0x25bc</value>
         <object_component_ref idref="oc-7f"/>
      </symbol>
      <symbol id="sm-c85">
         <name>pbistIsTestPassed</name>
         <value>0x5d4</value>
         <object_component_ref idref="oc-7f"/>
      </symbol>
      <symbol id="sm-c86">
         <name>checkClockMonitor</name>
         <value>0x1c18</value>
         <object_component_ref idref="oc-7f"/>
      </symbol>
      <symbol id="sm-c87">
         <name>fmcECCcheck</name>
         <value>0x898</value>
         <object_component_ref idref="oc-7f"/>
      </symbol>
      <symbol id="sm-c88">
         <name>fmcBus2Check</name>
         <value>0x85c</value>
         <object_component_ref idref="oc-7f"/>
      </symbol>
      <symbol id="sm-c89">
         <name>checkRAMUERRTest</name>
         <value>0x215c</value>
         <object_component_ref idref="oc-7f"/>
      </symbol>
      <symbol id="sm-c8a">
         <name>efcStuckZeroTest</name>
         <value>0x6e8</value>
         <object_component_ref idref="oc-7f"/>
      </symbol>
      <symbol id="sm-c8b">
         <name>checkPLL2Slip</name>
         <value>0x1f8c</value>
         <object_component_ref idref="oc-7f"/>
      </symbol>
      <symbol id="sm-cbd">
         <name>_c_int00</name>
         <value>0x7080</value>
         <object_component_ref idref="oc-1f"/>
      </symbol>
      <symbol id="sm-cbe">
         <name>handlePLLLockFail</name>
         <value>0x8394</value>
         <object_component_ref idref="oc-73"/>
      </symbol>
      <symbol id="sm-d6d">
         <name>vimChannelMap</name>
         <value>0x4774</value>
         <object_component_ref idref="oc-3a"/>
      </symbol>
      <symbol id="sm-d6e">
         <name>vimInit</name>
         <value>0x46a0</value>
         <object_component_ref idref="oc-3a"/>
      </symbol>
      <symbol id="sm-d6f">
         <name>vimEnableInterrupt</name>
         <value>0x4818</value>
         <object_component_ref idref="oc-3a"/>
      </symbol>
      <symbol id="sm-d70">
         <name>vimDisableInterrupt</name>
         <value>0x49e0</value>
         <object_component_ref idref="oc-3a"/>
      </symbol>
      <symbol id="sm-d71">
         <name>vimGetConfigValue</name>
         <value>0x4a8c</value>
         <object_component_ref idref="oc-3a"/>
      </symbol>
      <symbol id="sm-d72">
         <name>vimParityErrorHandler</name>
         <value>0x6db4</value>
         <object_component_ref idref="oc-39"/>
      </symbol>
      <symbol id="sm-dce">
         <name>systemGetConfigValue</name>
         <value>0x3ebc</value>
         <object_component_ref idref="oc-79"/>
      </symbol>
      <symbol id="sm-dcf">
         <name>trimLPO</name>
         <value>0x3b88</value>
         <object_component_ref idref="oc-79"/>
      </symbol>
      <symbol id="sm-dd0">
         <name>systemInit</name>
         <value>0x3dc0</value>
         <object_component_ref idref="oc-79"/>
      </symbol>
      <symbol id="sm-dd1">
         <name>customTrimLPO</name>
         <value>0x45c0</value>
         <object_component_ref idref="oc-79"/>
      </symbol>
      <symbol id="sm-dd2">
         <name>tcmflashGetConfigValue</name>
         <value>0x42d8</value>
         <object_component_ref idref="oc-79"/>
      </symbol>
      <symbol id="sm-dd3">
         <name>sramGetConfigValue</name>
         <value>0x4484</value>
         <object_component_ref idref="oc-79"/>
      </symbol>
      <symbol id="sm-dd4">
         <name>periphInit</name>
         <value>0x3c44</value>
         <object_component_ref idref="oc-79"/>
      </symbol>
      <symbol id="sm-dd5">
         <name>setupFlash</name>
         <value>0x3c04</value>
         <object_component_ref idref="oc-79"/>
      </symbol>
      <symbol id="sm-dd6">
         <name>setupPLL</name>
         <value>0x3b28</value>
         <object_component_ref idref="oc-79"/>
      </symbol>
      <symbol id="sm-dd7">
         <name>mapClocks</name>
         <value>0x3c98</value>
         <object_component_ref idref="oc-79"/>
      </symbol>
      <symbol id="sm-dd8">
         <name>systemPowerDown</name>
         <value>0x3e8c</value>
         <object_component_ref idref="oc-79"/>
      </symbol>
      <symbol id="sm-dfb">
         <name>led_task</name>
         <value>0x82b8</value>
         <object_component_ref idref="oc-13a"/>
      </symbol>
      <symbol id="sm-e20">
         <name>led_task_buffer</name>
         <value>0x8001f18</value>
      </symbol>
      <symbol id="sm-e21">
         <name>led_task_stack</name>
         <value>0x8001500</value>
      </symbol>
      <symbol id="sm-e22">
         <name>led_task_handle</name>
         <value>0x8002040</value>
         <object_component_ref idref="oc-133"/>
      </symbol>
      <symbol id="sm-e23">
         <name>main</name>
         <value>0x8138</value>
         <object_component_ref idref="oc-8c"/>
      </symbol>
      <symbol id="sm-e4f">
         <name>memcpy</name>
         <value>0x809d</value>
         <object_component_ref idref="oc-50"/>
      </symbol>
      <symbol id="sm-e50">
         <name>__aeabi_memcpy</name>
         <value>0x809d</value>
         <object_component_ref idref="oc-50"/>
      </symbol>
      <symbol id="sm-e51">
         <name>__aeabi_memcpy8</name>
         <value>0x809d</value>
         <object_component_ref idref="oc-50"/>
      </symbol>
      <symbol id="sm-e52">
         <name>__aeabi_memcpy4</name>
         <value>0x809d</value>
         <object_component_ref idref="oc-50"/>
      </symbol>
      <symbol id="sm-e62">
         <name>__aeabi_memset</name>
         <value>0x81d3</value>
         <object_component_ref idref="oc-d0"/>
      </symbol>
      <symbol id="sm-e63">
         <name>memset</name>
         <value>0x81d9</value>
         <object_component_ref idref="oc-d0"/>
      </symbol>
      <symbol id="sm-e64">
         <name>__aeabi_memset8</name>
         <value>0x81d3</value>
         <object_component_ref idref="oc-d0"/>
      </symbol>
      <symbol id="sm-e65">
         <name>__aeabi_memset4</name>
         <value>0x81d3</value>
         <object_component_ref idref="oc-d0"/>
      </symbol>
      <symbol id="sm-e66">
         <name>__aeabi_memclr8</name>
         <value>0x81d1</value>
         <object_component_ref idref="oc-d0"/>
      </symbol>
      <symbol id="sm-e67">
         <name>__aeabi_memclr4</name>
         <value>0x81d1</value>
         <object_component_ref idref="oc-d0"/>
      </symbol>
      <symbol id="sm-e68">
         <name>__aeabi_memclr</name>
         <value>0x81d1</value>
         <object_component_ref idref="oc-d0"/>
      </symbol>
      <symbol id="sm-e90">
         <name>__TI_auto_init_nobinit_nopinit</name>
         <value>0x8319</value>
         <object_component_ref idref="oc-f4"/>
      </symbol>
      <symbol id="sm-ea3">
         <name>__TI_zero_init</name>
         <value>0x8381</value>
         <object_component_ref idref="oc-62"/>
      </symbol>
      <symbol id="sm-eba">
         <name>__TI_decompress_none</name>
         <value>0x8373</value>
         <object_component_ref idref="oc-18"/>
      </symbol>
      <symbol id="sm-edd">
         <name>__TI_decompress_lzss</name>
         <value>0x824b</value>
         <object_component_ref idref="oc-12"/>
      </symbol>
      <symbol id="sm-ee8">
         <name>C$$EXIT</name>
         <value>0x838d</value>
         <object_component_ref idref="oc-141"/>
      </symbol>
      <symbol id="sm-ee9">
         <name>abort</name>
         <value>0x838d</value>
         <object_component_ref idref="oc-141"/>
      </symbol>
      <symbol id="sm-ef8">
         <name>strlen</name>
         <value>0x835d</value>
         <object_component_ref idref="oc-244"/>
      </symbol>
      <symbol id="sm-efa">
         <name>__TI_static_base__</name>
         <value>0x0</value>
      </symbol>
      <symbol id="sm-f00">
         <name>SHT$$INIT_ARRAY$$Base</name>
         <value>0x0</value>
      </symbol>
      <symbol id="sm-f01">
         <name>SHT$$INIT_ARRAY$$Limit</name>
         <value>0x0</value>
      </symbol>
      <symbol id="sm-f02">
         <name>_system_post_cinit</name>
         <value>0x0</value>
      </symbol>
   </symbol_table>
   <title>Link successful</title>
</link_info>
